 , , , , , , , , , , , , , , , , , , , , , , , , , , , , , , , , , , , , , , , , , , , , , , 
 , , , , , , , , , , , , , , , , , , , , , , , , , , , , , , , , , , , , , , , , , , , , , , 
 , , , , , , , , , , , , , , , , , , , , , , , , , , , , , , , , , , , , , , , , , , , , , , 
 , , , , , , , , , , , , , , , , , , , , , , , , , , , , , , , , , , , , , , , , , , , , , , 
 , , , , , , , , , , , , , , , , , , , , , , , , , , , , , , , , , , , , , , , , , , , , , , 
 , , , , , , , , , , , , , , , , , , , , , , , , , , , , , , , , , , , , , , , , , , , , , , 
 , , , , , , , , , , , , , , , , , , , , , , , , , , , , , , , , , , , , , , , , , , , , , , 
 , , , , , , , , , , , , , , , , , , , , , , , , , , , , , , , , , , , , , , , , , , , , , , 
 , , , , , , , , , , , , , , , , , , , , , , , , , , , , , , , , , , , , , , , , , , , , , , 
 , , , , , , , , , , , , , , , , , , , , , , , , , , , , , , , , , , , , , , , , , , , , , , 
 , , , , , , , , , , , , , , , , , , , , , , , , , , , , , , , , , , , , , , , , , , , , , , 
 , , , , , , , , , , , , , , , , , , , , , , , , , , , , , , , , , , , , , , , , , , , , , , 
 , , , , , , , , , , , , , , , , , , , , , , , , , , , , , , , , , , , , , , , , , , , , , , 
 , , , , , , , , , , , , , , , , , , , , , , , , , , , , , , , , , , , , , , , , , , , , , , 
 , , , , , , , , , , , , , , , , , , , , , , , , , , , , , , , , , , , , , , , , , , , , , , 
 , , , , , , , , , , , , , , , , , , , , , , , , , , , , , , , , , , , , , , , , , , , , , , 
 , , , , , , , , , , , , , , , , , , , , , , , , , , , , , , , , , , , , , , , , , , , , , , 
 , , , , , , , , , , , , , , , , , , , , , , , , , , , , , , , , , , , , , , , , , , , , , , 
 , , , , , , , , , , , , , , , , , , , , , , , , , , , , , , , , , , , , , , , , , , , , , , 
 , , , , , , , , , , , , , , , , , , , , , , , , , , , , , , , , , , , , , , , , , , , , , , 
 , , , , , , , , , , , , , , , , , , , , , , , , , , , , , , , , , , , , , , , , , , , , , , 
 , , , , , , , , , , , , , , , , , , , , , , , , , , , , , , , , , , , , , , , , , , , , , , 
 , , , , , , , , , , , , , , , , , , , , , , , , , , , , , , , , , , , , , , , , , , , , , , 
 , , , , , , , , , , , , , , , , , , , , , , , , , , , , , , , , , , , , , , , , , , , , , , 
 , , , , , , , , , , , , , , , , , , , , , , , , , , , , , , , , , , , , , , , , , , , , , , 
 , , , , , , , , , , , , , , , , , , , , , , , , , , , , , , , , , , , , , , , , , , , , , , 
 , , , , , , , , , , , , , , , , , , , , , , , , , , , , , , , , , , , , , , , , , , , , , , 
 , , , , , , , , , , , , , , , , , , , , , , , , , , , , , , , , , , , , , , , , , , , , , , 
 , , , , , , , , , , , , , , , , , , , , , , , , , , , , , , , , , , , , , , , , , , , , , , 
 , , , , , , , , , , , , , , , , , , , , , , , , , , , , , , , , , , , , , , , , , , , , , , 
 , , , , , , , , , , , , , , , , , , , , , , , , , , , , , , , , , , , , , , , , , , , , , , 
 , , , , , , , , , , , , , , , , , , , , , , , , , , , , , , , , , , , , , , , , , , , , , , 
 , , , , , , , , , , , , , , , , , , , , , , , , , , , , , , , , , , , , , , , , , , , , , , 
 , , , , , , , , , , , , , , , , , , , , , , , , , , , , , , , , , , , , , , , , , , , , , , 
 , , , , , , , , , , , , , , , , , , , , , , , , , , , , , , , , , , , , , , , , , , , , , , 
 , , , , , , , , , , , , , , , , , , , , , , , , , , , , , , , , , , , , , , , , , , , , , , 
 , , , , , , , , , , , , , , , , , , , , , , , , , , , , , , , , , , , , , , , , , , , , , , 
 , , , , , , , , , , , , , , , , , , , , , , , , , , , , , , , , , , , , , , , , , , , , , , 
 , , , , , , , , , , , , , , , , , , , , , , , , , , , , , , , , , , , , , , , , , , , , , , 
 , , , , , , , , , , , , , , , , , , , , , , , , , , , , , , , , , , , , , , , , , , , , , , 
 , , , , , , , , , , , , , , , , , , , , , , , , , , , , , , , , , , , , , , , , , , , , , ,  
 , , , , , , , , , , , , , , , , , , , , , , ,A, , , , , , , , , , , , , , , , , , , , , , , 
 , , , , , , , , , , , , , , , , , , , , , , ,M, , , , , , , , , , , , , , , , , , , , , , , 
 , , , , , , , , , , , , , , , , , , , , , , ,M, , , , , , , , , , , , , , , , , , , , , , , 
 , , , , , , , , , , , , , , , , , , , , , , ,M, , , , , , , , , , , , , , , , , , , , , , , 
 , , , , , , , , , , , , , , , , , , , , , , ,M, , , , , , , , , , , , , , , , , , , , , , , 
 , , , , , , , , , , , , , , , , , , , , , , ,M, , , , , , , , , , , , , , , , , , , , , , , 
 , , , , , , , , , , , , , , , , , , , , , , ,M, , , , , , , , , , , , , , , , , , , , , , , 
 , , , , , , , , , , , , , , , , , , , , , , ,M, , , , , , , , , , , , , , , , , , , , , , , 
 , , , , , , , , , , , , , , , , , , , , , ,/,M,\, , , , , , , , , , , , , , , , , , , , , , 
 , , , , , , , , , , , , , , , , , , , , ,',[,V,],', , , , , , , , , , , , , , , , , , , , , 
 , , , , , , , , , , , , , , , , , , , , , ,[,A,], , , , , , , , , , , , , , , , , , , , , , 
 , , , , , , , , , , , , , , , , , , , , ,[,',-,',], , , , , , , , , , , , , , , , , , , , , 
 , , , , , , , , , , , , , , , , , , , , ,[,/,",\,], , , , , , , , , , , , , , , , , , , , , 
 , , , , , , , , , , , , , , , , , , , , ,/, ,_, ,\, , , , , , , , , , , , , , , , , , , , , 
 , , , , , , , , , , , , , , , , , , , ,/, ,/, ,|, ,\, , , , , , , , , , , , , , , , , , , , 
 , , , , , , , , , , , , , , , , , , ,/, ,/,_,O,_,|, ,\, , , , , , , , , , , , , , , , , , , 
 , , , , , , , , , , , , , , , , , ,/,_,_,_,_,_,_,|,_,_,\, , , , , , , , , , , , , , , , , , 
 , , , , , , , , , , , , , , , , , ,|,=,_,=,=,_,=,=,_,=,|, , , , , , , , , , , , , , , , , , 
 , , , , , , , , , , , , , , , , , ,|,█,█,|, , , ,|,█,█,|, , , , , , , , , , , , , , , , , , 
 , , , , , , , , , , , , , , , , ,V,|,█,█,|,.,V,.,|,_,_,|,V, , , , , , , , , , , , , , , , , 
 , , , , , , , , , , , , , , , , ,A,|,█,█,|,',A,',|, ,=,|,A, , , , , , , , , , , , , , , , , 
 , , , , , , , , , , , , , , , , , ,|,_,_,|,_,_,_,|,=, ,|, , , , , , , , , , , , , , , , , , 
 , , , , , , , , , , , , , , , , , ,|,_,_,|,_,_,_,|, ,=,|, , , , , , , , , , , , , , , , , , 
 , , , , , , , , , , , , , , , , , ,|,#,#,#,#,|,#,#,#,#,|, , , , , , , , , , , , , , , , , , 
 , , , , , , , , , , , , , , , , ,|,█,█,█,█,o,|,█,█,█,█,█,|, , , , , , , , , , , , , , , , , 
 , , , , , , , , , , , , , , , , ,|,█,█,█,█,█,|,█,█,█,█,█,|, , , , , , , , , , , , , , , , , 
 , , , , , , , , , , , , , , , , ,|,█,█,█,█,█,|,█,█,█,█,█,|, , , , , , , , , , , , , , , , , 
 , , , , , , , , , , , , , , , ,|,█,█,█,█,█,█,|,█,█,█,█,█,█,|, , , , , , , , , , , , , , , , 
 , , , , , , , , , , , , , , , ,|,█,█,█,█,█,█,|,█,█,█,█,█,█,|, , , , , , , , , , , , , , , , 
 , , , , , , , , , , , , , , , ,|,█,█,█,█,█,█,|,█,█,█,█,█,█,|, , , , , , , , , , , , , , , , 
 , , , , , , , , , , , , , , ,|,█,█,█,█,█,█,█,|,█,█,█,█,█,█,█,|, , , , , , , , , , , , , , , 
 , , , , , , , , , , , , , , ,|,█,█,█,█,█,█,█,|,█,█,█,█,█,█,█,|, , , , , , , , , , , , , , , 
 , , , , , , , , , , , , , , ,|,-,-,-,-,-,-,-,|,-,-,-,-,-,-,-,|, , , , , , , , , , , , , , , 
 , , , , , , , , , , , , , ,|,█,█,█,█,█,█,█,█,|,█,█,█,█,█,█,█,█,|, , , , , , , , , , , , , , 
 , , , , , , , , , , , , , ,|,█,█,█,█,█,█,█,█,|,█,█,█,█,█,█,█,█,|, , , , , , , , , , , , , , 
 , , , , , , , , , , , , , ,|,_,_,_,.,_,_,_,_,|,_,_,_,_,.,_,_,_,|, , , , , , , , , , , , , , 
 , , , , , , , , , , , , ,|,█,█,█,█,█,█,█,█,█,█,█,█,█,█,█,█,█,█,█,|, , , , , , , , , , , , , 
 , , , , , , , , , , , , ,|,█,█,█,█,█,█,█,█,█,█,█,█,█,█,█,█,█,█,█,|, , , , , , , , , , , , , 
 , , , , , , , , , , , ,/,|,H,H,|,█,█,█,█,█,█,|,H,H,],[,H,H,H,H,H,I, , , , , , , , , , , , , 
 , , , , , , , , , , , ,[,|,#,#,|,█,█,█,█,█,█,|,#,#,],[,#,#,#,#,#,I, , , , , , , , , , , , , 
 , , , , , , , , , , , ,[,|,#,#,|,█,█,█,█,█,█,|,#,#,#,#,#,#,#,#,#,I, , , , , , , , , , , , , 
 , , , , , , , , , , , ,[,|,#,#,|,█,█,█,█,█,█,|,#,#,#,#,#,#,#,m,#,I, , , , , , , , , , , , , 
 , , , , , , , , , , , ,[,I,|,|,|,|,|,|,|,|,|,|,|,|,|,|,|,|,|,|,|,I, , , , , , , , , , , , , 
 , , , , , , , , , , , ,[,I,|,|,|,|,|,|,|,|,|,|,|,|,|,|,|,|,|,|,|,I, , , , , , , , , , , , , 
 , , , , , , , , , , , ,[,|,█,█,█,█,█,█,█,█,█,█,█,█,█,█,█,█,█,█,█,|, , , , , , , , , , , , , 
 , , , , , , , , , , , ,[,|,█,█,█,█, ,▄,▄,▄,█,█,█,█,█,█,█,█,█,█,█,|, , , , , , , , , , , , , 
 , , , , , , , , , , , ,[,|,█,█,█,█,▐, , , ,█,█,█,█,█,█,█,█,█,█,E,|, , , , , , , , , , , , , 
 , , , , , , , , , , , ,[,|,█,█,█,█,▐, , , ,█,█,█,█,█,█,█,█,█,█,w,|, , , , , , , , , , , , , 
 , , , , , , , , , , , ,[,|,█,█,█,█, ,▀,▀,▀,█,█,█,█,█,█,█,█,█,█,█,|, , , , , , , , , , , , , 
 , , , , , , , , , , , ,[,|,█,█,█,█,▐, , ,▐,█,█,█,█,█,█,█,█,█,█,d,|, , , , , , , , , , , , , 
 , , , , , , , , , , , ,[,|,█,█,█,█,▐,█,█,█,█,█,█,█,█,█,█,█,█,█,#,|, , , , , , , , , , , , , 
 , , , , , , , , , , , ,[,|,█,█,█,█,▐, , ,▐,█,█,█,█,█,█,█,█,█,█,},|, , , , , , , , , , , , , 
 , , , , , , , , , , , ,[,|,█,█,█,█, , , , ,█,█,█,█,█,█,█,█,█,█,█,|, , , , , , , , , , , , , 
 , , , , , , , , , , , ,[,|,█,█,█,█,█,█,█,█,█,█,█,█,█,█,█,█,█,█,█,|, , , , , , , , , , , , , 
 , , , , , , , , , , , ,[,|,█,█,█,█,█,█,█,█,█,█,█,█,█,█,█,█,█,█,d,|, , , , , , , , , , , , , 
 , , , , , , , , , , , ,[,|,█,█,█,█,█,█,█,█,█,█,█,█,█,█,█,█,█,█,d,|, , , , , , , , , , , , , 
 , , , , , , , , , , , ,[,|,█,█,█,█,█,█,█,█,█,█,█,█,█,█,█,█,█,█,H,|, , , , , , , , , , , , , 
 , , , , , , , , , , , ,[,|,█,█,█,█,█,█,█,█,█,█,█,█,█,█,█,█,█,█,",|, , , , , , , , , , , , , 
 , , , , , , , , , , , ,[,|,█,█,█,█,█,█,█,█,.,^,.,█,█,█,█,█,█,█,█,|, , , , , , , , , , , , , 
 , , , , , , , , , , , ,[,I,#,#,#,#,#,#,#,#,[, ,],#,#,#,#,#,#,#,#,I, , , , , , , , , , , , , 
 , , , , , , , , , , , ,[,I,#,#,#,[,],#,#,#,[,.,],#,#,#,#,#,#,#,#,I, , , , , , , , , , , , , 
 , , , , , , , , , , , ,[,I,#,#,#,|,|,|,|,|,[,_,],#,#,#,#,|,|,|,|,I, , , , , , , , , , , , , 
 , , , , , , , , , , , ,[,#,#,#,#,I,I,#,#,#,#,|,█,█,█,█,█,█,█,█,n, ,|, , , , , , , , , , , , 
 , , , , , , , , , , ,/,#,#,#,#,#,#,#,#,#,#,#,|,█,█,█,█,█,█,█,█,█,", ,\, , , , , , , , , , , 
 , , , , , , , , , , ,#,#,#,#,#,#,#,#,#,#,#,#,|,█,█,█,█,█,█,█,█,█,█,█,|, , , , , , , , , , , 
 , , , , , , , , , ,/,#,#,#,#,#,#,#,#,#,#,#,#,|,█,█,█,█,█,█,█,█,█,█,█,█,\, , , , , , , , , , 
 , , , , , , , , , ,#,#,#,#,#,#,",#,#,#,#,#,#,|,█,█,█,█,█,█,█,█,█,█,█,█,|, , , , , , , , , , 
 , , , , , , , , ,/, , , , , , , , , , , , , ,|,#,#,#,#,#,#,#, ,#,#,#,#,#,\, , , , , , , , , 
 , , , , , , , , ,|, , , , , , , , , , , , , ,|,#,#,#,#,#,#,#,.,#,#,#,#,#,#, , , , , , , , , 
 , , , , , , , ,/, , , , , , , , , , , , , , ,|,#,#,#,#,#,#,#,#,#,#,#,#,#,#,\, , , , , , , , 
 , , , , , , , ,|, , , , , , , , , , , , , , ,|,#,#,#,#,#,#,#,#,#,#,#,#,#,#,#, , , , , , , , 
 , , , , , , ,/,_,_,_,_,_,_,_,_,_,_,_,_,_,_,_,|,#,#,#,#,#,#,#,#,#,#,#,#,#,#,#,\, , , , , , , 
 , , , , , , ,I,|,|,|,|,|,|,|,|,|,|,|,|,|,|,|,|,|,|,|,|,|,|,|,|,|,|,|,|,|,|,|,I, , , , , , , 
 , , , , , , ,I,|,|,|,|,|,|,|,|,|,|,|,|,|,|,|,|,|,|,|,|,|,|,|,|,|,|,|,|,|,|,|,I, , , , , , , 
 , , , , , , ,I,|,|,|,|,|,|,|,|,|,|,|,|,|,|,|,|,|,|,|,|,|,|,|,|,|,|,|,|,|,|,|,I, , , , , , , 
 , , , , , , ,I,|,|,|,|,|,|,|,|,|,|,|,|,|,|,|,|,|,|,|,|,|,|,|,|,|,|,|,|,|,|,|,I, , , , , , , 
 , , , , , , ,|, , , , , , , , , , , , , , , , , , , , , , , , , , , , , , , ,|, , , , , , , 
 , , , , , , ,|,-,-,-,-,-,-,-,-,-,-,-,-,-,-,-,-,-,-,-,-,-,-,-,-,-,-,-,-,-,-,-,|, , , , , , , 
 , , , , , , ,|, , , , , , , , , , , , , , , , , , , , , , , , , , , , , , , ,|, , , , , , , 
 , , , , , , ,|, ,[, , , , , , , , , , , , , , , , , , ,C, , , , , , , , , , ,|, , , , , , , 
 , , , , , , ,|, ,[, , , , , , , , , , , , , , , , , , ,H, , , , , , , , , , ,|, , , , , , , 
 , , , , , , ,|, ,!, , , , , , , , , , , , , , , , , , ,I, , , , , , , , , , ,|, , , , , , , 
 , , , , , , ,|, ,[, , , , , , , , , , , , , , , , , , ,L, , , , , , , , , , ,|, , , , , , , 
 , , , , , , ,|, ,[, , , , , ,8,=,D,~, , , , , , , , , ,E, , , , , , , , , , ,|, , , , , , , 
 , , , , , , ,|, ,}, , , , , , ,\, , , , , , , , , , , , , , , , , , , , , , ,|, , , , , , , 
 , , , , , , ,|, , , , , , , , , ,\, , , , , , , , , , , , , , , , , , , , , ,|, , , , , , , 
 , , , , , , ,|, , , , , , , , , , ,P,I,C,O, , , , , , , , , , , , , , , , , ,|, , , , , , , 
 , , , , , , ,|, ,{, , , , , , , , ,p,a,L, , , , , , , ,M, , , , , , , , , , ,|, , , , , , , 
 , , , , , , ,|, ,[, , , , , , , , , , ,Q,E, , , , , , ,I, , , , , , , , , , ,|, , , , , , , 
 , , , , , , ,|, ,:, , , , , , , , , , , ,L,E,E, , , , ,E, , , , , , , , , , ,|, , , , , , , 
 , , , , , , ,|, ,[, , , , , , , , , , , , , , , , , , ,R, , , , , , , , , , ,|, , , , , , , 
 , , , , , , ,|, ,[, , , , , , , , , , , , , , , , , , ,D, , , , , , , , , , ,|, , , , , , , 
 , , , , , ,/,|, ,{, , ,/,|, , , , , , , , , , , , , , ,A, , , , ,|,\, , , , ,|, , , , , , , 
 , , , , ,|, ,|, , , ,|, ,|, , , , , , , , , , , , , , , , , , , ,|, ,|, , , ,|, , , , , , , 
 , , , , ,|, ,|, , , ,|, ,|, , , , , , , , , , , , , , , , , , , ,|, ,|, , , ,|, , , , , , , 
 , , , , ,|, ,|, , , ,|, ,|, , , , , , , , , , , , , , , , , , , ,|, ,|, , , ,|, , , , , , , 
 , , , , ,|,_,|,_,_,_,|,_,|,_,_,_,_,_,_,_,_,_,_,_,_,_,_,_,_,_,_,_,|,_,|,_,_,_,|, , , , , , , 
 , , , , ,|, ,|, , , ,|, ,|, , , , , , , , , , , , , , , , , , , ,|, ,|, , , ,|,\, , , , , , 
 , , , , ,|, ,|,_,_,_,|, ,|,_,_,_,_,_,_,_,_,_,_,_,_,_,_,_,_,_,_,_,|, ,|,_,_,_,|,], , , , , , 
 , , , , ,|, ,|,#,#,#,|, ,|,#,#,#,#,#,#,#,#,#,#,#,#,#,#,#,#,#,#,#,|, ,|,#,#,#,|,], , , , , , 
 , , , , ,|, ,|,#,#,#,|, ,|,#,#,#,#,#,#,#,#,#,#,#,#,#,#,#,#,#,#,#,|, ,|,#,#,#,|,], , , , , , 
 , , , , ,|, ,|,#,#,#,|, ,|,",",",",",",",",",",#,#,#,#,#,#,#,#,#,|, ,|,",",",|,], , , , , , 
 , , , , ,|, ,|,#,#,#,|, ,|, , , , , , , , , ,|,#,#,#,#,#,#,#,#,#,|, ,|, , , ,|,], , , , , , 
 , , , , , ,\,|,#,#,#,#,\,|,-,-,-,-,-,-,-,-,-,|,#,#,#,#,#,#,#,#,#,|,/,-,-,-,-,|,], , , , , , 
 , , , , , , ,|,#,#,#,#,#,|, , , , , , , , , ,|,#,#,#,#,#,#,#,#,#,|, , , , , ,|,/, , , , , , 
 , , , , , , ,|,#,#,#,#,#,|, , , , , , , , , ,|,#,#,#,#,#,#,#,#,#,|, , , , , ,|, , , , , , , 
 , , , , , ,/,],#,#,#,#,#, ,|, , , , , , , , ,|, ,#,#,#,#,#,#,#,#, ,|, , , , ,[,\, , , , , , 
 , , , , , ,[,],#,#,#,#,#, ,|, ,/,\, ,|,\, , ,|, ,#,#,#,#,#,#,#,#, ,|, , , , ,[,], , , , , , 
 , , , , , ,[,],#,#,#,#,#, ,|,/, ,_, ,|,/, , ,|, ,#,#,#,#,#,#,#,#, ,|, , , , ,[,], , , , , , 
 , , , , , ,[,],#,#,#,#,#, ,|,\, , ,/,|,\, , ,|, ,#,#,#,#,#,#,#,#, ,|, , , , ,[,], , , , , , 
 , , , , , ,[,],#,#,#,#,#, ,|, ,\,/, ,|,/, , ,|, ,#,#,#,#,#,#,#,#, ,|, , , , ,[,], , , , , , 
 , , , , , , ,|,#,#,#,#,#,|,-,-,-,-,-,-,-,-,-,|,#,#,#,#,#,#,#,#,#,|,-,-,-,-,-,|, , , , , , , 
 , , , , , , ,|,#,#,#,#,#,|, , , , , , , , , ,|,#,#,#,#,#,#,#,#,#,|, , , , , ,|, , , , , , , 
 , , , , , , ,|,#,#,#,#,#,|, , , , , , , , , ,|,#,#,H,#,#,#,#,#,#,|, ,N,O, , ,|, , , , , , , 
 , , , , , , ,|,#,#,#,#,#,|, , , , , , , , , ,|,#,#,H,#,#,#,#,#,#,|, , ,+, , ,|, , , , , , , 
 , , , , , , ,|,#,#,#,#,#,|, , , , , , , , , ,|,#,#,H,#,#,#,#,#,#,|, ,A,F,P,!,|, , , , , , , 
 , , , , , , ,|,#,#,#,#,#,|,_,_,_,_,_,_,_,_,_,|,#,#,H,#,#,#,#,#,#,|,_,_,_,_,_,|, , , , , , , 
 , , , , , , ,|, , , , , , , , , , , , , , , , , , ,H, , , , , , , , , , , , ,|, , , , , , , 
 , , , , , , ,|, , , , , , , , , , , , , , , , , , ,H, , , , , , , , , , , , ,|, , , , , , , 
 , , , , , , ,|, , , , , , , , , , , , , , , , , , ,H, , , , , , , , , , , , ,|, , , , , , , 
 , , , , , , ,|, , , , , , , , , , , , , , , , , , ,H, , , , , , , , , , , , ,|, , , , , , , 
 , , , , , , ,|, , , , , , , , , , , , , , , , , , ,H, , , , , , , , , , , , ,|, , , , , , , 
 , , , , , , ,|, , , , , , , , , , , , , , , , , , ,H, , , , , , , , , , , , ,|, , , , , , , 
 , , , , , , ,|, , , , , , , , , , , , , , , , , , ,H, , , , , , , , , , , , ,|, , , , , , , 
 , , , , , , ,|, , , , , , , , , , , , , , , , , , ,H, , , , , , , , , , , , ,|, , , , , , , 
 , , , , , , ,|, , , ,░,░,░,░,█,█,█,█,█,█,█, , , , ,H, , , , , , , , , , , , ,|, , , , , , , 
 , , , , , , ,|, , , ,░,░,*,░,█,█,█,█,█,█,█, , , , ,H, , , , , , , , , , , , ,|, , , , , , , 
 , , , , , , ,|, , , ,▒,▒,▒,▒,▒,▒,▒,▒,▒,▒,▒, , , , ,H, , , , , , , , , , , , ,|, , , , , , , 
 , , , , , , ,|, , , ,▒,▒,▒,▒,▒,▒,▒,▒,▒,▒,▒, , , , ,H, , , , , , , , , , , , ,|, , , , , , , 
 , , , , , , ,|, , , , , , , , , , , , , , , , , , ,H, , , , , , , , , , , , ,|, , , , , , , 
 , , , , , , ,|, , , , , , , , , , , , , , , , , , ,H, , , , , , , , , , , , ,|, , , , , , , 
 , , , , , , ,|, , , , , , , , , , , , , , , , , , ,H, , , , , , , , , , , , ,|, , , , , , , 
 , , , , , , ,|, , , , , , , , , , , , , , , , , , ,H, , , ,p,i,Ñ,e,R,A, , , ,|, , , , , , , 
 , , , , , , ,|, , , , , , , , , , , , , , , , , , ,H, , , , ,Q,L,I,A,O,!,!, ,|, , , , , , , 
 , , , , , , ,|, , , , , , , , , , , , , , , , , , ,H, , , , , , , , , , , , ,|, , , , , , , 
 , , , , , , ,|, , , , , , , , , , , , , , , , , , ,H, , , , , , , , , , , , ,|, , , , , , , 
 , , , , , , ,|,_,_,_,_,_,_,_,_,_,_,_,_,_,_,_,_,_,_,H,_,_,_,_,_,_,_,_,_,_,_,_,|, , , , , , , 
 , , , , , , ,|, , , , , , , , , , , , , , , , , , ,H, , , , , , , , , , , , ,|, , , , , , , 
 , , , , , , ,I,|,|,|,|,|,|,|,|,|,|,|,|,|,|,|,|,|,|,H,|,|,|,|,|,|,|,|,|,|,|,|,I, , , , , , , 
 , , , , , , ,I,|,|,|,|,|,|,|,|,|,|,|,|,|,|,|,|,|,|,H,|,|,|,|,|,|,|,|,|,|,|,|,I, , , , , , , 
 , , , , , , ,I,|,|,|,|,|,|,|,|,|,|,|,|,|,|,|,|,|,|,H,|,|,|,|,|,|,|,|,|,|,|,|,I, , , , , , , 
 , , , , , , ,I,|,|,|,|,|,|,|,|,|,|,|,|,|,|,|,|,|,|,H,|,|,|,|,|,|,|,|,|,|,|,|,I, , , , , , , 
 , , , , , , ,I,|,|,|,|,|,|,|,|,|,|,|,|,|,|,|,|,|,|,H,|,|,|,|,|,|,|,|,|,|,|,|,I, , , , , , , 
 , , , , , , ,I,|,|,|,|,|,|,|,|,|,|,|,|,|,|,|,|,|,|,H,|,|,|,|,|,|,|,|,|,|,|,|,I, , , , , , , 
 , , , , , , ,I,|,|,|,|,|,|,|,|,|,|,|,|,|,|,|,|,|,|,H,|,|,|,|,|,|,|,|,|,|,|,|,I, , , , , , , 
 , , , , , , ,I,|,|,|,|,|,|,|,|,|,|,|,|,|,|,|,|,|,|,H,|,|,|,|,|,|,|,|,|,|,|,|,I, , , , , , , 
 , , , , , , ,I,|,|,|,|,|,|,|,|,|,|,|,|,|,|,|,|,|,|,H,|,|,|,|,|,|,|,|,|,|,|,|,I, , , , , , , 
 , , , , , , ,|,#,#,#,#,#,|, , , , , , , , , ,|,#,#,H,#,#,#,#,#,#,|, , , , , ,|, , , , , , , 
 , , , , , , ,|,#,#,#,#,#,|, , , , , , , , , ,|,#,#,H,#,#,#,#,#,#,|, , , , , ,|, , , , , , , 
 , , , , , , ,|,#,#,#,#,#,|, , ,█,█,█,█,█, , ,|,#,#,H,#,#,#,#,#,#,|, , , ,█,█,|, , , , , , , 
 , , , , , , ,|,#,#,#,#,#,|, , ,█, , , , , , ,|,#,#,H,#,#,#,#,#,#,|, , , ,█, ,|, , , , , , , 
 , , , , , , ,|,#,#,#,#,#,|, , ,█,█,█,█,█, , ,|,#,#,H,#,#,#,#,#,#,|, , , ,█,█,|, , , , , , , 
 , , , , , , ,|,#,#,#,#,#,|, , , , , , , , , ,|,#,#,H,#,#,#,#,#,#,|, , , , , ,|, , , , , , , 
 , , , , , , ,|,#,#,#,#,#,|, , ,█, , , ,█, , ,|,#,#,H,#,#,#,#,#,#,|, , , ,█, ,|, , , , , , , 
 , , , , , , ,|,#,#,#,#,#,|, , ,█,█,█,█,█, , ,|,#,#,H,#,#,#,#,#,#,|, , , ,█,█,|, , , , , , , 
 , , , , , , ,|,#,#,#,#,#,|, , ,█, , , ,█, , ,|,#,#,H,#,#,#,#,#,#,|, , , ,█, ,|, , , , , , , 
 , , , , , , ,|,#,#,#,#,#,|, , , , , , , , , ,|,#,#,H,#,#,#,#,#,#,|, , , , , ,|, , , , , , , 
 , , , , , , ,|,#,#,#,#,#,|, , , ,█,█,█, , , ,|,#,#,H,#,#,#,#,#,#,|, , , , ,█,|, , , , , , , 
 , , , , , , ,|,#,#,#,#,#,|, , , , ,█, , , , ,|,#,#,H,#,#,#,#,#,#,|, , , , , ,|, , , , , , , 
 , , , , , , ,|,#,#,#,#,#,|, , , ,█,█,█, , , ,|,#,#,H,#,#,#,#,#,#,|, , , , ,█,|, , , , , , , 
 , , , , , , ,|,#,#,#,#,#,|, , , , , , , , , ,|,#,#,H,#,#,#,#,#,#,|, , , , , ,|, , , , , , , 
 , , , , , , ,|,#,#,#,#,#,|, , ,█, , , , , , ,|,#,#,H,#,#,#,#,#,#,|, , , ,█, ,[, , , , , , , 
 , , , , , , ,|,#,#,#,#,#,|, , ,█, , , , , , ,|,#,#,H,#,#,#,#,#,#,|, , , ,█, ,|, , , , , , , 
 , , , , , , ,|,#,#,#,#,#,|, , ,█,█,█,█,█, , ,|,#,#,H,#,#,#,#,#,#,|, , , ,█,█,|, , , , , , , 
 , , , , , , ,|,#,#,#,#,#,|, , , , , , , , , ,|,#,#,H,#,#,#,#,#,#,|, , , , , ,|, , , , , , , 
 , , , , , , ,|,#,#,#,#,#,|, , ,█,█,█,█,█, , ,[,%,],H,#,a,p,x,#,#,|, , , ,█,█,|, , , , , , , 
 , , , , , , ,|,#,#,#,#,#,|, , ,█, , , , , , ,|,#,#,H,#,#,#,#,#,#,|, , , ,█, ,|, , , , , , , 
 , , , , , , ,|,#,#,#,#,#,A, , ,█,█,█, , , , ,|,#,#,H,#,#,#,#,#,#,A, , , ,█,█,|, , , , , , , 
 , , , , , , ,|,#,#,#,#,|, ,|, ,█, , , , , , ,|,#,#,H,#,#,#,#,#,|,#,|, , ,█, ,|, , , , , , , 
 , , , , , , ,|,#,#,#,#,|, ,|, ,█,█,█,█,█, , ,|,#,#,H,#,#,#,#,#,|,#,|, , ,█,█,|, , , , , , , 
 , , , , , , ,|,#,#,#,|, , , ,|, , , , , , , ,|,#,#,H,#,#,#,#,|,#,#,#,|, , , ,|, , , , , , , 
 , , , , , , ,|,#,#,#,|, , , ,|, , , , , , , ,|,#,#,H,#,#,#,#,|,#,#,#,|, , , ,|, , , , , , , 
 , , , , , , ,|,#,#,|, , , , , ,|, , , , , , ,|,#,#,H,#,#,#,|,#,#,#,#,#,|, , ,|, , , , , , , 
 , , , , , , ,|,#,-,|, , , , , ,|, , , , , , ,|,#,#,H,#,#,#,|,#,#,#,#,#,|,-,_,|, , , , , , , 
 , , , ,_,-,",=,=,|, , , , , , , ,|, , , , , ,|,#,#,H,#,#,|,#,#,#,#,#,#,#,|,=,=,",-,_, , , , 
 ,_,-,",=,[,],=,=,|, ,8,=,=,D,~, ,|, , , , , ,|,#,#,H,#,#,|,#,#,#,#,#,#,#,|,=,=,[,],=,",-,_, 
|,=,=,=,=,=,=,=,=,|,_,_,_,_,_,_,_,|,_,_,_,_,_,|,#,#,H,#,#,|,#,#,#,#,#,#,#,|,=,=,=,=,=,=,=,=,|
!,=,=,=,=,=,=,=,|,=,=,=,=,=,=,=,=,=,|,_,_,_,_,|,#,#,H,#,|,=,=,=,=,=,=,=,=,=,|,=,=,=,=,=,=,=,!
 , , , , , , , ,!,=,=,=,=,=,=,=,=,=,!, ,/,#,#,#,#,#,\, ,!,=,=,=,=,=,=,=,=,=,!, , , , , , , , 
 , , , , , , , , ,/,#,#,#,#,#,#,#,\, ,/,#,#,#,#,#,#,#,\, ,/,#,#,#,#,#,#,#,\, , , , , , , , , 
 , , , , , , , ,d,#,#,#,#,#,#,#,#,#,V,#,#,#,#,#,#,#,#,#,V,#,#,#,#,#,#,#,#,#,h, , , , , , , , 
 , , , , , , , ,H,#,#,#,#,#,#,#,#,#,H,#,#,#,#,#,#,#,#,#,H,#,#,#,#,#,#,#,#,#,H, , , , , , , , 
 , , , , , , ,|,#,#,#,#,#,#,#,#,#,#,#,H,#,#,#,#,#,#,#,H,#,#,#,#,#,#,#,#,#,#,#,|, , , , , , , 
 , , , , , , ,|,#,#,#,#,#,#,#,#,#,#,#,|,",",",",",",",|,#,#,#,#,#,#,#,#,#,#,#,|, , , , , , , 
 , , , , , , , ,",",",",",",",",",",", , , , , , , , , ,",",",",",",",",",",", , , , , , , , 
 , , , , , , ,▓,▓,▓,▓,▓,▓,▓,▓,▓,▓,▓,▓,▓, , , , , , , ,▓,▓,▓,▓,▓,▓,▓,▓,▓,▓,▓,▓,▓, , , , , , , 
 , , , , , ,▓,▓,▓,▓,▓,▓,▓,▓,▓,▓,▓,▓,▓,▓,▓, , , , , ,▓,▓,▓,▓,▓,▓,▓,▓,▓,▓,▓,▓,▓,▓,▓, , , , , , 
 , , , , ,▓,▓,▓,▓,▓,▓,▓,▓,▓,▓,▓,▓,▓,▓,▓,▓,▓, , , ,▓,▓,▓,▓,▓,▓,▓,▓,▓,▓,▓,▓,▓,▓,▓,▓,▓, , , , , 
 , , , ,▓,▓,▓,▓,▓,▓,▓,▓,▓,▓,▓,▓,▓,▓,▓,▓,▓,▓,▓, ,▓,▓,▓,▓,▓,▓,▓,▓,▓,▓,▓,▓,▓,▓,▓,▓,▓,▓,▓, , , , 
 , , ,▓,▓,▓,▓,▓,▓,▓,▓,▓,▓,▓,▓,▓,▓,▓,▓,▓,▓,▓,▓,▓,▓,▓,▓,▓,▓,▓,▓,▓,▓,▓,▓,▓,▓,▓,▓,▓,▓,▓,▓,▓, , , 
 , ,▓,▓,▓,▓,▓,▓,▓,▓,▓,▓,▓,▓,▓,▓,▓,▓,▓,▓,▓,▓,▓,▓,▓,▓,▓,▓,▓,▓,▓,▓,▓,▓,▓,▓,▓,▓,▓,▓,▓,▓,▓,▓,▓, , 
 ,▓,▓,▓,▓,▓,▓,▓,▓,▓,▓,▓,▓,▓,▓,▓,▓,▓,▓,▓,▓,▓,▓,▓,▓,▓,▓,▓,▓,▓,▓,▓,▓,▓,▓,▓,▓,▓,▓,▓,▓,▓,▓,▓,▓,▓, 
▓,▓,▓,▓,▓,▓,▓,▓,▓,▓,▓,▓,▓,▓,▓,▓,▓,▓,▓,▓,▓,▓,▓,▓,▓,▓,▓,▓,▓,▓,▓,▓,▓,▓,▓,▓,▓,▓,▓,▓,▓,▓,▓,▓,▓,▓,▓
▓,▓,▓,▓,▓,▓,▓,▓,▓,▓,▓,▓,▓,▓,▓,▓,▓,▓,▓,▓,▓,▓,▓,▓,▓,▓,▓,▓,▓,▓,▓,▓,▓,▓,▓,▓,▓,▓,▓,▓,▓,▓,▓,▓,▓,▓,▓
▓,▓,▓,▓,▓,▓,▓,▓,▓,▓,▓,▓,▓,▓,▓,▓,▓,▓,▓,▓,▓,▓,▓,▓,▓,▓,▓,▓,▓,▓,▓,▓,▓,▓,▓,▓,▓,▓,▓,▓,▓,▓,▓,▓,▓,▓,▓
▓,▓,▓,▓,▓,▓,▓,▓,▓,▓,▓,▓,▓,▓,▓,▓,▓,▓,▓,▓,▓,▓,▓,▓,▓,▓,▓,▓,▓,▓,▓,▓,▓,▓,▓,▓,▓,▓,▓,▓,▓,▓,▓,▓,▓,▓,▓
▓,▓,▓,▓,▓,▓,▓,▓,▓,▓,▓,▓,▓,▓,▓,▓,▓,▓,▓,▓,▓,▓,▓,▓,▓,▓,▓,▓,▓,▓,▓,▓,▓,▓,▓,▓,▓,▓,▓,▓,▓,▓,▓,▓,▓,▓,▓
▓,▓,▓,▓,▓,▓,▓,▓,▓,▓,▓,▓,▓,▓,▓,▓,▓,▓,▓,▓,▓,▓,▓,▓,▓,▓,▓,▓,▓,▓,▓,▓,▓,▓,▓,▓,▓,▓,▓,▓,▓,▓,▓,▓,▓,▓,▓
▓,▓,▓,▓,▓,▓,▓,▓,▓,▓,▓,▓,▓,▓,▓,▓,▓,▓,▓,▓,▓,▓,▓,▓,▓,▓,▓,▓,▓,▓,▓,▓,▓,▓,▓,▓,▓,▓,▓,▓,▓,▓,▓,▓,▓,▓,▓
▓,▓,▓,▓,▓,▓,▓,▓,▓,▓,▓,▓,▓,▓,▓,▓,▓,▓,▓,▓,▓,▓,▓,▓,▓,▓,▓,▓,▓,▓,▓,▓,▓,▓,▓,▓,▓,▓,▓,▓,▓,▓,▓,▓,▓,▓,▓
▓,▓,▓,▓,▓,▓,▓,▓,▓,▓,▓,▓,▓,▓,▓,▓,▓,▓,▓,▓,▓,▓,▓,▓,▓,▓,▓,▓,▓,▓,▓,▓,▓,▓,▓,▓,▓,▓,▓,▓,▓,▓,▓,▓,▓,▓,▓
▓,▓,▓,▓,▓,▓,▓,▓,▓,▓,▓,▓,▓,▓,▓,▓,▓,▓,▓,▓,▓,▓,▓,▓,▓,▓,▓,▓,▓,▓,▓,▓,▓,▓,▓,▓,▓,▓,▓,▓,▓,▓,▓,▓,▓,▓,▓
 ,▓,▓,▓,▓,▓,▓,▓,▓,▓,▓,▓,▓,▓,▓,▓,▓,▓,▓,▓,▓,▓,▓,▓,▓,▓,▓,▓,▓,▓,▓,▓,▓,▓,▓,▓,▓,▓,▓,▓,▓,▓,▓,▓,▓,▓, 
 , ,▓,▓,▓,▓,▓,▓,▓,▓,▓,▓,▓,▓,▓,▓,▓,▓,▓,▓,▓,▓,▓,▓,▓,▓,▓,▓,▓,▓,▓,▓,▓,▓,▓,▓,▓,▓,▓,▓,▓,▓,▓,▓,▓, , 
 , , ,▓,▓,▓,▓,▓,▓,▓,▓,▓,▓,▓,▓,▓,▓,▓,▓,▓,▓,▓,▓,▓,▓,▓,▓,▓,▓,▓,▓,▓,▓,▓,▓,▓,▓,▓,▓,▓,▓,▓,▓,▓, , , 
 , , , ,▓,▓,▓,▓,▓,▓,▓,▓,▓,▓,▓,▓,▓,▓,▓,▓,▓,▓,▓,▓,▓,▓,▓,▓,▓,▓,▓,▓,▓,▓,▓,▓,▓,▓,▓,▓,▓,▓,▓, , , , 
 , , , , ,▓,▓,▓,▓,▓,▓,▓,▓,▓,▓,▓,▓,▓,▓,▓,▓,▓,▓,▓,▓,▓,▓,▓,▓,▓,▓,▓,▓,▓,▓,▓,▓,▓,▓,▓,▓,▓, , , , , 
 , , , , , ,▓,▓,▓,▓,▓,▓,▓,▓,▓,▓,▓,▓,▓,▓,▓,▓,▓,▓,▓,▓,▓,▓,▓,▓,▓,▓,▓,▓,▓,▓,▓,▓,▓,▓,▓, , , , , , 
 , , , , , , ,▓,▓,▓,▓,▓,▓,▓,▓,▓,▓,▓,▓,▓,▓,▓,▓,▓,▓,▓,▓,▓,▓,▓,▓,▓,▓,▓,▓,▓,▓,▓,▓,▓, , , , , , , 
 , , , , , , , , ,▓,▓,▓,▓,▓,▓,▓,▓,▓,▓,▓,▓,▓,▓,▓,▓,▓,▓,▓,▓,▓,▓,▓,▓,▓,▓,▓,▓,▓, , , , , , , , , 
 , , , , , , , , , , , ,▓,▓,▓,▓,▓,▓,▓,▓,▓,▓,▓,▓,▓,▓,▓,▓,▓,▓,▓,▓,▓,▓,▓, , , , , , , , , , , , 
 , , , , , , , , , , , , , , ,▓,▓,▓,▓,▓,▓,▓,▓,▓,▓,▓,▓,▓,▓,▓,▓,▓, , , , , , , , , , , , , , , 
 , , , , , , , , , , , , , , , , ,▓,▓,▓,▓,▓,▓,▓,▓,▓,▓,▓,▓,▓, , , , , , , , , , , , , , , , , 
 , , , , , , , , , , , , , , , , , , ,▓,▓,▓,▓,▓,▓,▓,▓,▓, , , , , , , , , , , , , , , , , , , 
 , , , , , , , , , , , , , , , , , , , ,▓,▓,▓,▓,▓,▓,▓, , , , , , , , , , , , , , , , , , , , 
 , , , , , , , , , , , , , , , , , , , , , ,▓,▓,▓, , , , , , , , , , , , , , , , , , , , , , 
 , , , , , , , , , , , , , , , , , , , , , , ,▓, , , , , , , , , , , , , , , , , , , , , , , 
 , , , , , , , , , , , , , , , , , , , , , , , , , , , , , , , , , , , , , , , , , , , , , , 
 , , , , , , , , , , , , , , , , , , , , , , , , , , , , , , , , , , , , , , , , , , , , , , 
 , , , , , , , , , , , , , , , , , , , , , , , , , , , , , , , , , , , , , , , , , , , , , , 
 , , , , , , , , , , , , , , , , , , , , , , , , , , , , , , , , , , , , , , , , , , , , , , 
 , , , , , , , , , , , , , , , , , , , , , , , , , , , , , , , , , , , , , , , , , , , , , , 
 , , , , , , , , , , , , , , , , , , , , , , , , , , , , , , , , , , , , , , , , , , , , , , 
 , , , , , , , , , , , , , , , , , , , , , , , , , , , , , , , , , , , , , , , , , , , , , , 
 , , , , , , , , , , , , , , , , , , , , , , , , , , , , , , , , , , , , , , , , , , , , , , 
 , , , , , , , , , , , , , , , , , , , , , , , , , , , , , , , , , , , , , , , , , , , , , , 
 , , , , , , , , , , , , , , , , , , , , , , , , , , , , , , , , , , , , , , , , , , , , , , 
 , , , , , , , , , , , , , , , , , , , , , , , , , , , , , , , , , , , , , , , , , , , , , , 
 , , , , , , , , , , , , , , , , , , , , , , , , , , , , , , , , , , , , , , , , , , , , , , 
 , , , , , , , , , , , , , , , , , , , , , , , , , , , , , , , , , , , , , , , , , , , , , , 
 , , , , , , , , , , , , , , , , , , , , , , , , , , , , , , , , , , , , , , , , , , , , , , 
 , , , , , , , , , , , , , , , , , , , , , , , , , , , , , , , , , , , , , , , , , , , , , , 
 , , , , , , , , , , , , , , , , , , , , , , , , , , , , , , , , , , , , , , , , , , , , , , 
 , , , , , , , , , , , , , , , , , , , , , , , , , , , , , , , , , , , , , , , , , , , , , , 
 , , , , , , , , , , , , , , , , , , , , , , , , , , , , , , , , , , , , , , , , , , , , , , 
 , , , , , , , , , , , , , , , , , , , , , , , , , , , , , , , , , , , , , , , , , , , , , , 
 , , , , , , , , , , , , , , , , , , , , , , , , , , , , , , , , , , , , , , , , , , , , , , 
 , , , , , , , , , , , , ,█, , , ,█, , ,█, ,█, , ,█, , ,█,█, , ,█,█,█, , , , , , , , , , , , 
 , , , , , , , , , , , , ,█, , , ,█, , ,█, ,█,█, ,█, ,█, , ,█, ,█, , ,█, , , , , , , , , , , 
 , , , , , , , , , , , , ,█, , , ,█, , ,█, ,█,█, ,█, ,█,█,█,█, ,█,█,█, , , , , , , , , , , , 
 , , , , , , , , , , , , ,█,█,█, , ,█,█, , ,█, ,█,█, ,█, , ,█, ,█, , ,█, , , , , , , , , , , 
 , , , , , , , , , , , , , , , , , , , , , , , , , , , , , , , , , , , , , , , , , , , , , , 
 , , , , , , , , ,█, , , , ,█,█, , ,█, , ,█, ,█,█,█, , ,█, ,█, , ,█, ,█,█,█,█, , , , , , , , 
 , , , , , , , , ,█, , , ,█, , ,█, ,█,█, ,█, ,█, , ,█, ,█, ,█,█, ,█, ,█, , , , , , , , , , , 
 , , , , , , , , ,█, , , ,█, , ,█, ,█,█, ,█, ,█, , ,█, ,█, ,█,█, ,█, ,█, , ,█, , , , , , , , 
 , , , , , , , , ,█,█,█, ,█, , ,█, ,█, ,█,█, ,█,█,█, , ,█, ,█, ,█,█, ,█,█,█,█, , , , , , , , 
